RETRIEVE,
    CLASS      = S2,
    TYPE       = PF,
    STREAM     = ENFH,
    EXPVER     = prod,
    REPRES     = SH,
    LEVTYPE    = PL,
    LEVELIST   = 200/300/500/700/850/925/1000,
    PARAM      = 130,
    DATE       = 20240111,
    HDATE      = 20040111,
    TIME       = 0000,
    STEP       = 0/24/48/72/96/120/144/168/192/216/240/264/288/312/336/360/384/408/432/456/480/504/528/552/576/600/624/648/672/696/720/744/768/792/816/840/864/888/912/936/960/984/1008/1032/1056/1080/1104,
    NUMBER     = 1,
    ORIGIN     = ECMF,
    TARGET     = target.out,
    AREA       = 40/-180/-40/180,
    PADDING    = 0