        RETRIEVE,
            CLASS      = TI,
            TYPE       = FC,
            STREAM     = OPER,
            EXPVER     = prod,
            REPRES     = SH,
            LEVTYPE    = SFC,
            PARAM      = 151,
            DATE       = 20231226,
            TIME       = 1200,
            STEP       = 0/6/12/18/24/30/36/42/48/54/60/66/72/78/84/90/96/102/108/114/120/126/132/138/144/150/156/162/168/174/180/186/192/198/204/210/216/222/228/234/240,
            NUMBER     = ALL,
            ORIGIN     = ECMF,
            TARGET     = reference.OkV8i4.data,
            RESOL      = AUTO,
            GRID       = .5/.5,
            PADDING    = 0,
            PROCESS    = LOCAL 